// Jest Snapshot v1, https://goo.gl/fbAQLP

exports[`Renders snapshot as expected 1`] = `
<View>
  <Modal
    animationType="none"
    hardwareAccelerated={false}
    onHide={[Function]}
    renderToHardwareTextureAndroid={true}
    transparent={true}
    visible={true}
  >
    <View
      accessible={true}
      focusable={true}
      onClick={[Function]}
      onResponderGrant={[Function]}
      onResponderMove={[Function]}
      onResponderRelease={[Function]}
      onResponderTerminate={[Function]}
      onResponderTerminationRequest={[Function]}
      onStartShouldSetResponder={[Function]}
      style={
        Object {
          "backgroundColor": "black",
          "bottom": 0,
          "left": 0,
          "opacity": 0,
          "position": "absolute",
          "right": 0,
          "top": 0,
        }
      }
    />
    <View
      needsOffscreenAlphaCompositing={true}
      pointerEvents="box-none"
      style={
        Object {
          "alignItems": "center",
          "flex": 1,
          "justifyContent": "center",
          "opacity": 0,
          "transform": Array [
            Object {
              "scale": 1.2,
            },
          ],
        }
      }
    >
      <View
        onLayout={[Function]}
        style={
          Array [
            Object {
              "marginTop": 22,
            },
            Object {
              "paddingBottom": 0,
            },
          ]
        }
      >
        <View
          style={
            Array [
              Object {
                "borderRadius": 13,
                "flexDirection": "column",
                "overflow": "hidden",
                "width": 270,
              },
              Object {},
            ]
          }
        >
          <View
            style={
              Array [
                Object {
                  "backgroundColor": Object {
                    "semantic": Array [
                      "systemGray6",
                    ],
                  },
                  "bottom": 0,
                  "left": 0,
                  "position": "absolute",
                  "right": 0,
                  "top": 0,
                },
                Object {},
              ]
            }
          />
          <View
            style={
              Array [
                Object {
                  "margin": 18,
                },
                Object {},
              ]
            }
          >
            <Text
              style={
                Array [
                  Object {
                    "color": Object {
                      "semantic": Array [
                        "label",
                      ],
                    },
                    "fontSize": 18,
                    "fontWeight": "600",
                    "textAlign": "center",
                  },
                  undefined,
                ]
              }
            >
              Registrer sau
            </Text>
          </View>
          <View
            style={
              Array [
                Object {
                  "backgroundColor": Object {
                    "semantic": Array [
                      "systemGray5",
                    ],
                  },
                  "borderColor": Object {
                    "semantic": Array [
                      "separator",
                    ],
                  },
                  "borderRadius": 6,
                  "borderWidth": 0.5,
                  "marginBottom": 20,
                  "marginHorizontal": 20,
                  "paddingHorizontal": 8,
                },
                undefined,
              ]
            }
          >
            <TextInput
              allowFontScaling={true}
              multiline={true}
              numberOfLines={4}
              onChangeText={[Function]}
              placeholder="Skriv notat her"
              placeholderTextColor={
                Object {
                  "semantic": Array [
                    "placeholderText",
                  ],
                }
              }
              rejectResponderTermination={true}
              style={
                Array [
                  Object {
                    "color": Object {
                      "semantic": Array [
                        "label",
                      ],
                    },
                  },
                  undefined,
                  Object {
                    "height": 74,
                  },
                ]
              }
              underlineColorAndroid={
                Object {
                  "semantic": Array [
                    "@android:color/hint_foreground_light",
                  ],
                }
              }
            />
          </View>
          <View
            style={
              Array [
                Object {
                  "borderTopColor": Object {
                    "semantic": Array [
                      "separator",
                    ],
                  },
                  "borderTopWidth": 0.5,
                  "flexDirection": "row",
                  "height": 46,
                  "justifyContent": "space-between",
                },
                Object {},
              ]
            }
          >
            <View
              accessible={true}
              focusable={true}
              onClick={[Function]}
              onResponderGrant={[Function]}
              onResponderMove={[Function]}
              onResponderRelease={[Function]}
              onResponderTerminate={[Function]}
              onResponderTerminationRequest={[Function]}
              onStartShouldSetResponder={[Function]}
              style={
                Object {
                  "alignItems": "center",
                  "flex": 1,
                  "justifyContent": "center",
                  "opacity": 1,
                }
              }
            >
              <Text
                style={
                  Array [
                    Object {
                      "backgroundColor": "transparent",
                      "color": Object {
                        "semantic": Array [
                          "link",
                        ],
                      },
                      "fontSize": 17,
                      "textAlign": "center",
                    },
                    Object {
                      "color": "#007ff9",
                      "fontWeight": "normal",
                    },
                    undefined,
                  ]
                }
              >
                Avbryt
              </Text>
            </View>
            <View
              style={
                Array [
                  Object {
                    "backgroundColor": Object {
                      "semantic": Array [
                        "separator",
                      ],
                    },
                    "height": "100%",
                    "width": 0.5,
                  },
                  Object {},
                ]
              }
            />
            <View
              accessible={true}
              focusable={true}
              onClick={[Function]}
              onResponderGrant={[Function]}
              onResponderMove={[Function]}
              onResponderRelease={[Function]}
              onResponderTerminate={[Function]}
              onResponderTerminationRequest={[Function]}
              onStartShouldSetResponder={[Function]}
              style={
                Object {
                  "alignItems": "center",
                  "flex": 1,
                  "justifyContent": "center",
                  "opacity": 1,
                }
              }
            >
              <Text
                style={
                  Array [
                    Object {
                      "backgroundColor": "transparent",
                      "color": Object {
                        "semantic": Array [
                          "link",
                        ],
                      },
                      "fontSize": 17,
                      "textAlign": "center",
                    },
                    Object {
                      "color": "#007ff9",
                      "fontWeight": "normal",
                    },
                    undefined,
                  ]
                }
              >
                Registrer
              </Text>
            </View>
          </View>
        </View>
      </View>
    </View>
  </Modal>
</View>
`;
